PS C:\Users\Admin\Desktop\ass2> mkdir Part-A


    Directory: C:\Users\Admin\Desktop\ass2


Mode                 LastWriteTime         Length Name
----                 -------------         ------ ----
d-----          5/1/2024   1:21 AM                Part-A


PS C:\Users\Admin\Desktop\ass2> cd Part-A
PS C:\Users\Admin\Desktop\ass2\Part-A> git --version
git version 2.44.0.windows.1
PS C:\Users\Admin\Desktop\ass2\Part-A> git init
Initialized empty Git repository in C:/Users/Admin/Desktop/ass2/Part-A/.git/
PS C:\Users\Admin\Desktop\ass2\Part-A> git add .
PS C:\Users\Admin\Desktop\ass2\Part-A> git status
On branch master

No commits yet

Changes to be committed:
  (use "git rm --cached <file>..." to unstage)
        new file:   index.html

PS C:\Users\Admin\Desktop\ass2\Part-A> git remote add origin "https://github.com/Codyash477/WadAss2.git"
PS C:\Users\Admin\Desktop\ass2\Part-A> git commit -m "First Commit"
Author identity unknown

*** Please tell me who you are.

Run

  git config --global user.email "you@example.com"
  git config --global user.name "Your Name"

to set your account's default identity.
Omit --global to set the identity only in this repository.

fatal: unable to auto-detect email address (got 'Admin@DESKTOP-U7CG9JT.(none)')
PS C:\Users\Admin\Desktop\ass2\Part-A> git config --global user.email "phoenixworld786@gmail.com"
PS C:\Users\Admin\Desktop\ass2\Part-A> git commit -m "First Commit"                       
[master (root-commit) 3a22cba] First Commit
 1 file changed, 17 insertions(+)
 create mode 100644 index.html
PS C:\Users\Admin\Desktop\ass2\Part-A> git status
On branch master
nothing to commit, working tree clean
PS C:\Users\Admin\Desktop\ass2\Part-A> git push -u origin master
info: please complete authentication in your browser...
Enumerating objects: 3, done.
Counting objects: 100% (3/3), done.
Delta compression using up to 8 threads
Compressing objects: 100% (2/2), done.
Writing objects: 100% (3/3), 383 bytes | 383.00 KiB/s, done.
Total 3 (delta 0), reused 0 (delta 0), pack-reused 0 (from 0)
To https://github.com/Codyash477/WadAss2.git
 * [new branch]      master -> master
branch 'master' set up to track 'origin/master'.
PS C:\Users\Admin\Desktop\ass2\Part-A> touch display.html
touch : The term 'touch' is not recognized as the name of a cmdlet, function, script 
file, or operable program. Check the spelling of the name, or if a path was included,     
verify that the path is correct and try again.
At line:1 char:1
+ touch display.html
+ ~~~~~
    + CategoryInfo          : ObjectNotFound: (touch:String) [], CommandNotFoundExceptio  
   n
    + FullyQualifiedErrorId : CommandNotFoundException

PS C:\Users\Admin\Desktop\ass2\Part-A> git status
On branch master
Your branch is up to date with 'origin/master'.

Untracked files:
  (use "git add <file>..." to include in what will be committed)
        yes.html

nothing added to commit but untracked files present (use "git add" to track)
PS C:\Users\Admin\Desktop\ass2\Part-A> git add .
PS C:\Users\Admin\Desktop\ass2\Part-A> git status
On branch master
Your branch is up to date with 'origin/master'.

Changes to be committed:
  (use "git restore --staged <file>..." to unstage)
        new file:   yes.html

PS C:\Users\Admin\Desktop\ass2\Part-A> git commit -m "Second Commit"
[master 69d0027] Second Commit
 1 file changed, 11 insertions(+)
 create mode 100644 yes.html
PS C:\Users\Admin\Desktop\ass2\Part-A> git push -u origin master
Enumerating objects: 4, done.
Counting objects: 100% (4/4), done.
Delta compression using up to 8 threads
Compressing objects: 100% (3/3), done.
Writing objects: 100% (3/3), 438 bytes | 219.00 KiB/s, done.
Total 3 (delta 0), reused 0 (delta 0), pack-reused 0 (from 0)
To https://github.com/Codyash477/WadAss2.git
   3a22cba..69d0027  master -> master
branch 'master' set up to track 'origin/master'.
PS C:\Users\Admin\Desktop\ass2\Part-A> 